[Licensing::Module] Trying to connect to existing licensing client channel...
Built from '6000.4/staging' branch; Version is '6000.4.7f1 (f3c3c4248748) revision 15975364'; Using compiler version '194234433'; Build Type 'Release'
OS: 'Windows 11  (10.0.26200) CoreCountrySpecific' Language: 'zh' Physical Memory: 32693 MB
BatchMode: 1, IsHumanControllingUs: 0, StartBugReporterOnCrash: 0, Is64bit: 1
System  architecture: x64
Process architecture: x64
Date: 2026-07-20T21:54:37Z
[Licensing::IpcConnector] Successfully connected to: "LicenseClient-Administrator" at "2026-07-20T21:54:37.0123296Z"

COMMAND LINE ARGUMENTS:
C:\Program Files\Unity\Hub\Editor\6000.4.7f1\Editor\Unity.exe
-batchmode
-nographics
-projectPath
d:\open_mahjong_unity\open_mahjong_unity
-executeMethod
AddConfigSoundToggleRows.Run
-quit
-logFile
d:\open_mahjong_unity\other\unity_add_sound_toggles.log
Successfully changed project path to: d:\open_mahjong_unity\open_mahjong_unity
D:/open_mahjong_unity/open_mahjong_unity
Exiting without the bug reporter. Application will terminate with return code 1